// Jest Snapshot v1, https://goo.gl/fbAQLP

exports[`<Toolbar /> renders 1`] = `
<DocumentFragment>
  <nav
    class="bg-gray-100 w-full p-2 flex items-end justify-end"
    id="Toolbar"
  >
    <button
      class="px-8 py-4 rounded-md text-xl"
    >
      <div>
        <svg
          aria-hidden="true"
          class="svg-inline--fa fa-bars "
          color="white"
          data-icon="bars"
          data-prefix="fas"
          focusable="false"
          role="img"
          viewBox="0 0 448 512"
          xmlns="http://www.w3.org/2000/svg"
        >
          <path
            d="M0 96C0 78.3 14.3 64 32 64H416c17.7 0 32 14.3 32 32s-14.3 32-32 32H32C14.3 128 0 113.7 0 96zM0 256c0-17.7 14.3-32 32-32H416c17.7 0 32 14.3 32 32s-14.3 32-32 32H32c-17.7 0-32-14.3-32-32zM448 416c0 17.7-14.3 32-32 32H32c-17.7 0-32-14.3-32-32s14.3-32 32-32H416c17.7 0 32 14.3 32 32z"
            fill="currentColor"
          />
        </svg>
      </div>
    </button>
  </nav>
</DocumentFragment>
`;
